public PlVers:__version =
{
	version = 5,
	filevers = "1.10.0.6484",
	date = "04/21/2020",
	time = "18:15:19"
};
new Float:NULL_VECTOR[3];
new String:NULL_STRING[16];
public Extension:__ext_core =
{
	name = "Core",
	file = "core",
	autoload = 0,
	required = 0,
};
new MaxClients;
public Plugin:myinfo =
{
	name = "Admin File Reader",
	description = "Reads admin files",
	author = "AlliedModders LLC",
	version = "1.10.0.6484",
	url = "http://www.sourcemod.net/"
};
new bool:g_LoggedFileName;
new g_ErrorCount;
new g_IgnoreLevel;
new g_CurrentLine;
new String:g_Filename[1024];
new SMCParser:g_hOldOverrideParser;
new SMCParser:g_hNewOverrideParser;
new OverrideState:g_OverrideState;
new SMCParser:g_hGroupParser;
new GroupId:g_CurGrp = -1;
new GroupState:g_GroupState;
new GroupPass:g_GroupPass;
new bool:g_NeedReparse;
new SMCParser:g_hUserParser;
new UserState:g_UserState;
new String:g_CurAuth[256];
new String:g_CurIdent[256];
new String:g_CurName[256];
new String:g_CurPass[256];
new ArrayList:g_GroupArray;
new g_CurFlags;
new g_CurImmunity;
void:InitializeUserParser()
{
	if (!g_hUserParser)
	{
		g_hUserParser = SMCParser.SMCParser();
		SMCParser.OnEnterSection.set(g_hUserParser, 61);
		SMCParser.OnKeyValue.set(g_hUserParser, 59);
		SMCParser.OnLeaveSection.set(g_hUserParser, 57);
		SMCParser.OnRawLine.set(g_hUserParser, 55);
		g_GroupArray = ArrayList.ArrayList(1, 0);
	}
	return 0;
}

void:ReadUsers()
{
	InitializeUserParser();
	BuildPath(0, g_Filename, 256, "configs/admins.cfg");
	InitGlobalStates();
	g_UserState = 0;
	new SMCError:err = SMCParser.ParseFile(g_hUserParser, g_Filename, 0, 0);
	if (err)
	{
		new String:buffer[256];
		if (SMCParser.GetErrorString(g_hUserParser, err, buffer, 64))
		{
			ParseError("%s", buffer);
		}
		else
		{
			ParseError("Fatal parse error");
		}
	}
	return 0;
}

void:DecodeAuthMethod(String:auth[], String:method[128], &offset)
{
	new var1;
	if (StrContains(auth[0], "STEAM_", true) && strncmp("0:", auth[0], 2, true) && strncmp("1:", auth[0], 2, true))
	{
		strcopy(method[0], 32, "steam");
		offset = 0;
	}
	else
	{
		new var2;
		if (strncmp(auth[0], "[U:", 3, true) && auth[0][strlen(auth[0]) + -1] == ']')
		{
			strcopy(method[0], 32, "steam");
			offset = 0;
		}
		if (auth[0] == '!')
		{
			strcopy(method[0], 32, "ip");
			offset = 1;
		}
		strcopy(method[0], 32, "name");
		offset = 0;
	}
	return 0;
}

void:ReadAdminLine(String:line[])
{
	new bool:is_bound;
	new AdminId:admin;
	new String:auth[256];
	new String:auth_method[128];
	new idx;
	new cur_idx;
	new auth_offset;
	if ((cur_idx = BreakString(line[0], auth, 64)) == -1)
	{
		return 0;
	}
	idx = cur_idx;
	DecodeAuthMethod(auth, auth_method, auth_offset);
	if ((admin = FindAdminByIdentity(auth_method, auth[auth_offset])) == -1)
	{
		admin = CreateAdmin("");
	}
	else
	{
		is_bound = true;
	}
	new String:flags[256];
	cur_idx = BreakString(idx + line[0], flags, 64);
	idx = cur_idx + idx;
	new level;
	new flag_idx;
	if (0 < (flag_idx = StringToIntEx(flags, level, 10)))
	{
		AdminId.ImmunityLevel.set(admin, level);
		if (flags[flag_idx] == ':')
		{
			flag_idx++;
		}
	}
	if (flags[flag_idx] == '@')
	{
		new GroupId:gid = FindAdmGroup(flags[flag_idx + 1]);
		if (gid == -1)
		{
			ParseError("Invalid group detected: %s", flags[flag_idx + 1]);
			return 0;
		}
		AdminId.InheritGroup(admin, gid);
	}
	else
	{
		new len = strlen(flags[flag_idx]);
		new bool:is_default;
		new i;
		while (i < len)
		{
			new var1;
			if (level && flags[i + flag_idx] == '$')
			{
				AdminId.ImmunityLevel.set(admin, 1);
			}
			else
			{
				new AdminFlag:flag;
				if (FindFlagByChar(flags[i + flag_idx], flag))
				{
					AdminId.SetFlag(admin, flag, true);
				}
				ParseError("Invalid flag detected: %c", flags[i + flag_idx]);
				i++;
			}
			i++;
		}
		if (is_default)
		{
			new GroupId:gid = FindAdmGroup("Default");
			if (gid != -1)
			{
				AdminId.InheritGroup(admin, gid);
			}
		}
	}
	if (cur_idx != -1)
	{
		new String:password[256];
		BreakString(idx + line[0], password, 64);
		AdminId.SetPassword(admin, password);
	}
	if (!is_bound)
	{
		if (!(AdminId.BindIdentity(admin, auth_method, auth[auth_offset])))
		{
			RemoveAdmin(admin);
			ParseError("Failed to bind identity %s (method %s)", auth[auth_offset], auth_method);
		}
	}
	return 0;
}

void:ParseError(String:format[], any:_arg1)
{
	new String:buffer[2048];
	if (!g_LoggedFileName)
	{
		LogError("Error(s) detected parsing %s", 2416);
		g_LoggedFileName = true;
	}
	VFormat(buffer, 512, format[0], 2);
	LogError(" (line %d) %s", g_CurrentLine, buffer);
	g_ErrorCount += 1;
	return 0;
}

void:InitGlobalStates()
{
	g_ErrorCount = 0;
	g_IgnoreLevel = 0;
	g_CurrentLine = 0;
	g_LoggedFileName = false;
	return 0;
}

bool:StrEqual(String:str1[], String:str2[], bool:caseSensitive)
{
	return strcmp(str1[0], str2[0], caseSensitive) == 0;
}

void:File.Close(File:this)
{
	CloseHandle(this);
	return 0;
}

FlagToBit(AdminFlag:flag)
{
	return 1 << flag;
}

void:InitializeOverrideParsers()
{
	if (!g_hOldOverrideParser)
	{
		g_hOldOverrideParser = SMCParser.SMCParser();
		SMCParser.OnEnterSection.set(g_hOldOverrideParser, 47);
		SMCParser.OnKeyValue.set(g_hOldOverrideParser, 51);
		SMCParser.OnLeaveSection.set(g_hOldOverrideParser, 45);
		SMCParser.OnRawLine.set(g_hOldOverrideParser, 49);
	}
	if (!g_hNewOverrideParser)
	{
		g_hNewOverrideParser = SMCParser.SMCParser();
		SMCParser.OnEnterSection.set(g_hNewOverrideParser, 43);
		SMCParser.OnKeyValue.set(g_hNewOverrideParser, 51);
		SMCParser.OnLeaveSection.set(g_hNewOverrideParser, 41);
		SMCParser.OnRawLine.set(g_hNewOverrideParser, 49);
	}
	return 0;
}

void:InternalReadOverrides(SMCParser:parser, String:file[])
{
	BuildPath(0, g_Filename, 256, file[0]);
	InitGlobalStates();
	g_OverrideState = 0;
	new SMCError:err = SMCParser.ParseFile(parser, g_Filename, 0, 0);
	if (err)
	{
		new String:buffer[256];
		if (SMCParser.GetErrorString(parser, err, buffer, 64))
		{
			ParseError("%s", buffer);
		}
		else
		{
			ParseError("Fatal parse error");
		}
	}
	return 0;
}

void:ReadOverrides()
{
	InitializeOverrideParsers();
	InternalReadOverrides(g_hOldOverrideParser, "configs/admin_levels.cfg");
	InternalReadOverrides(g_hNewOverrideParser, "configs/admin_overrides.cfg");
	return 0;
}

void:InitializeGroupParser()
{
	if (!g_hGroupParser)
	{
		g_hGroupParser = SMCParser.SMCParser();
		SMCParser.OnEnterSection.set(g_hGroupParser, 39);
		SMCParser.OnKeyValue.set(g_hGroupParser, 37);
		SMCParser.OnLeaveSection.set(g_hGroupParser, 35);
		SMCParser.OnRawLine.set(g_hGroupParser, 33);
	}
	return 0;
}

void:InternalReadGroups(String:path[], GroupPass:pass)
{
	InitGlobalStates();
	g_GroupState = 0;
	g_CurGrp = -1;
	g_GroupPass = pass;
	g_NeedReparse = false;
	new SMCError:err = SMCParser.ParseFile(g_hGroupParser, path[0], 0, 0);
	if (err)
	{
		new String:buffer[256];
		if (SMCParser.GetErrorString(g_hGroupParser, err, buffer, 64))
		{
			ParseError("%s", buffer);
		}
		else
		{
			ParseError("Fatal parse error");
		}
	}
	return 0;
}

void:ReadGroups()
{
	InitializeGroupParser();
	BuildPath(0, g_Filename, 256, "configs/admin_groups.cfg");
	InternalReadGroups(g_Filename, 1);
	if (g_NeedReparse)
	{
		InternalReadGroups(g_Filename, 2);
	}
	return 0;
}

public void:OnRebuildAdminCache(AdminCachePart:part)
{
	if (part)
	{
		if (part == 1)
		{
			ReadGroups();
		}
		if (part == 2)
		{
			ReadUsers();
			ReadSimpleUsers();
		}
	}
	else
	{
		ReadOverrides();
	}
	return 0;
}

public SMCResult:ReadGroups_CurrentLine(SMCParser:smc, String:line[], lineno)
{
	g_CurrentLine = lineno;
	return 0;
}

public SMCResult:ReadGroups_EndSection(SMCParser:smc)
{
	if (g_IgnoreLevel)
	{
		g_IgnoreLevel -= 1;
		return 0;
	}
	if (g_GroupState == 3)
	{
		g_GroupState = 2;
	}
	else
	{
		if (g_GroupState == 2)
		{
			g_GroupState = 1;
			g_CurGrp = -1;
		}
		if (g_GroupState == 1)
		{
			g_GroupState = 0;
		}
	}
	return 0;
}

public SMCResult:ReadGroups_KeyValue(SMCParser:smc, String:key[], String:value[], bool:key_quotes, bool:value_quotes)
{
	new var1;
	if (g_CurGrp == -1 || g_IgnoreLevel)
	{
		return 0;
	}
	new AdminFlag:flag;
	if (g_GroupPass == 1)
	{
		if (g_GroupState == 2)
		{
			if (StrEqual(key[0], "flags", true))
			{
				new len = strlen(value[0]);
				new i;
				while (i < len)
				{
					if (FindFlagByChar(value[0][i], flag))
					{
						GroupId.SetFlag(g_CurGrp, flag, true);
					}
					i++;
				}
			}
			else
			{
				if (StrEqual(key[0], "immunity", true))
				{
					g_NeedReparse = true;
				}
			}
		}
		else
		{
			if (g_GroupState == 3)
			{
				new OverrideRule:rule;
				if (StrEqual(value[0], "allow", false))
				{
					rule = 1;
				}
				if (key[0] == '@')
				{
					GroupId.AddCommandOverride(g_CurGrp, key[0] + 1, 2, rule);
				}
				else
				{
					GroupId.AddCommandOverride(g_CurGrp, key[0], 1, rule);
				}
			}
		}
	}
	else
	{
		new var2;
		if (g_GroupPass == 2 && g_GroupState == 2)
		{
			if (StrEqual(key[0], "immunity", true))
			{
				if (StrEqual(value[0], "*", true))
				{
					GroupId.ImmunityLevel.set(g_CurGrp, 2);
				}
				if (StrEqual(value[0], "$", true))
				{
					GroupId.ImmunityLevel.set(g_CurGrp, 1);
				}
				new level;
				if (StringToIntEx(value[0], level, 10))
				{
					GroupId.ImmunityLevel.set(g_CurGrp, level);
				}
				else
				{
					new GroupId:id;
					if (value[0] == '@')
					{
						id = FindAdmGroup(value[0] + 1);
					}
					else
					{
						id = FindAdmGroup(value[0]);
					}
					if (id != -1)
					{
						GroupId.AddGroupImmunity(g_CurGrp, id);
					}
					else
					{
						ParseError("Unable to find group: \"%s\"", value[0]);
					}
				}
			}
		}
	}
	return 0;
}

public SMCResult:ReadGroups_NewSection(SMCParser:smc, String:name[], bool:opt_quotes)
{
	if (g_IgnoreLevel)
	{
		g_IgnoreLevel += 1;
		return 0;
	}
	if (g_GroupState)
	{
		if (g_GroupState == 1)
		{
			if ((g_CurGrp = CreateAdmGroup(name[0])) == -1)
			{
				g_CurGrp = FindAdmGroup(name[0]);
			}
			g_GroupState = 2;
		}
		if (g_GroupState == 2)
		{
			if (StrEqual(name[0], "Overrides", true))
			{
				g_GroupState = 3;
			}
			else
			{
				g_IgnoreLevel += 1;
			}
		}
		g_IgnoreLevel += 1;
	}
	else
	{
		if (StrEqual(name[0], "Groups", true))
		{
			g_GroupState = 1;
		}
		else
		{
			g_IgnoreLevel += 1;
		}
	}
	return 0;
}

public SMCResult:ReadNewOverrides_EndSection(SMCParser:smc)
{
	if (g_IgnoreLevel)
	{
		g_IgnoreLevel -= 1;
		return 0;
	}
	if (g_OverrideState == 2)
	{
		g_OverrideState = 0;
	}
	return 0;
}

public SMCResult:ReadNewOverrides_NewSection(SMCParser:smc, String:name[], bool:opt_quotes)
{
	if (g_IgnoreLevel)
	{
		g_IgnoreLevel += 1;
		return 0;
	}
	if (g_OverrideState)
	{
		g_IgnoreLevel += 1;
	}
	else
	{
		if (StrEqual(name[0], "Overrides", true))
		{
			g_OverrideState = 2;
		}
		else
		{
			g_IgnoreLevel += 1;
		}
	}
	return 0;
}

public SMCResult:ReadOldOverrides_EndSection(SMCParser:smc)
{
	if (g_IgnoreLevel)
	{
		g_IgnoreLevel -= 1;
		return 0;
	}
	if (g_OverrideState == 1)
	{
		g_OverrideState = 0;
	}
	else
	{
		if (g_OverrideState == 2)
		{
			g_OverrideState = 1;
			return 1;
		}
	}
	return 0;
}

public SMCResult:ReadOldOverrides_NewSection(SMCParser:smc, String:name[], bool:opt_quotes)
{
	if (g_IgnoreLevel)
	{
		g_IgnoreLevel += 1;
		return 0;
	}
	if (g_OverrideState)
	{
		if (g_OverrideState == 1)
		{
			if (StrEqual(name[0], "Overrides", true))
			{
				g_OverrideState = 2;
			}
			else
			{
				g_IgnoreLevel += 1;
			}
		}
		g_IgnoreLevel += 1;
	}
	else
	{
		if (StrEqual(name[0], "Levels", true))
		{
			g_OverrideState = 1;
		}
		else
		{
			g_IgnoreLevel += 1;
		}
	}
	return 0;
}

public SMCResult:ReadOverrides_CurrentLine(SMCParser:smc, String:line[], lineno)
{
	g_CurrentLine = lineno;
	return 0;
}

public SMCResult:ReadOverrides_KeyValue(SMCParser:smc, String:key[], String:value[], bool:key_quotes, bool:value_quotes)
{
	new var1;
	if (g_OverrideState == 2 && g_IgnoreLevel)
	{
		return 0;
	}
	new flags = ReadFlagString(value[0], 0);
	if (key[0] == '@')
	{
		AddCommandOverride(key[0] + 1, 2, flags);
	}
	else
	{
		AddCommandOverride(key[0], 1, flags);
	}
	return 0;
}


/* ERROR! null */
 function "ReadSimpleUsers" (number 26)

public SMCResult:ReadUsers_CurrentLine(SMCParser:smc, String:line[], lineno)
{
	g_CurrentLine = lineno;
	return 0;
}

public SMCResult:ReadUsers_EndSection(SMCParser:smc)
{
	if (g_IgnoreLevel)
	{
		g_IgnoreLevel -= 1;
		return 0;
	}
	if (g_UserState == 2)
	{
		new var1;
		if (g_CurIdent[0] && g_CurAuth[0])
		{
			new AdminFlag:flags[26];
			new AdminId:id;
			new i;
			new num_groups;
			new num_flags;
			if ((id = FindAdminByIdentity(g_CurAuth, g_CurIdent)) == -1)
			{
				id = CreateAdmin(g_CurName);
				if (!(AdminId.BindIdentity(id, g_CurAuth, g_CurIdent)))
				{
					RemoveAdmin(id);
					ParseError("Failed to bind auth \"%s\" to identity \"%s\"", g_CurAuth, g_CurIdent);
					return 0;
				}
			}
			num_groups = ArrayList.Length.get(g_GroupArray);
			i = 0;
			while (i < num_groups)
			{
				AdminId.InheritGroup(id, ArrayList.Get(g_GroupArray, i, 0, false));
				i++;
			}
			AdminId.SetPassword(id, g_CurPass);
			if (AdminId.ImmunityLevel.get(id) < g_CurImmunity)
			{
				AdminId.ImmunityLevel.set(id, g_CurImmunity);
			}
			num_flags = FlagBitsToArray(g_CurFlags, flags, 26);
			i = 0;
			while (i < num_flags)
			{
				AdminId.SetFlag(id, flags[i], true);
				i++;
			}
		}
		else
		{
			ParseError("Failed to create admin: did you forget either the auth or identity properties?");
		}
		g_UserState = 1;
	}
	else
	{
		if (g_UserState == 1)
		{
			g_UserState = 0;
		}
	}
	return 0;
}

public SMCResult:ReadUsers_KeyValue(SMCParser:smc, String:key[], String:value[], bool:key_quotes, bool:value_quotes)
{
	new var1;
	if (g_UserState == 2 && g_IgnoreLevel)
	{
		return 0;
	}
	if (StrEqual(key[0], "auth", true))
	{
		strcopy(g_CurAuth, 64, value[0]);
	}
	else
	{
		if (StrEqual(key[0], "identity", true))
		{
			strcopy(g_CurIdent, 64, value[0]);
		}
		if (StrEqual(key[0], "password", true))
		{
			strcopy(g_CurPass, 64, value[0]);
		}
		if (StrEqual(key[0], "group", true))
		{
			new GroupId:id = FindAdmGroup(value[0]);
			if (id == -1)
			{
				ParseError("Unknown group \"%s\"", value[0]);
			}
			ArrayList.Push(g_GroupArray, id);
		}
		if (StrEqual(key[0], "flags", true))
		{
			new len = strlen(value[0]);
			new AdminFlag:flag;
			new i;
			while (i < len)
			{
				if (FindFlagByChar(value[0][i], flag))
				{
					g_CurFlags = FlagToBit(flag) | g_CurFlags;
				}
				else
				{
					ParseError("Invalid flag detected: %c", i + value[0]);
				}
				i++;
			}
		}
		if (StrEqual(key[0], "immunity", true))
		{
			g_CurImmunity = StringToInt(value[0], 10);
		}
	}
	return 0;
}

public SMCResult:ReadUsers_NewSection(SMCParser:smc, String:name[], bool:opt_quotes)
{
	if (g_IgnoreLevel)
	{
		g_IgnoreLevel += 1;
		return 0;
	}
	if (g_UserState)
	{
		if (g_UserState == 1)
		{
			g_UserState = 2;
			strcopy(g_CurName, 64, name[0]);
			g_CurAuth[0] = 0;
			g_CurIdent[0] = 0;
			g_CurPass[0] = 0;
			ArrayList.Clear(g_GroupArray);
			g_CurFlags = 0;
			g_CurImmunity = 0;
		}
		g_IgnoreLevel += 1;
	}
	else
	{
		if (StrEqual(name[0], "Admins", true))
		{
			g_UserState = 1;
		}
		else
		{
			g_IgnoreLevel += 1;
		}
	}
	return 0;
}

public void:__ext_core_SetNTVOptional()
{
	MarkNativeAsOptional("GetFeatureStatus");
	MarkNativeAsOptional("RequireFeature");
	MarkNativeAsOptional("AddCommandListener");
	MarkNativeAsOptional("RemoveCommandListener");
	MarkNativeAsOptional("BfWriteBool");
	MarkNativeAsOptional("BfWriteByte");
	MarkNativeAsOptional("BfWriteChar");
	MarkNativeAsOptional("BfWriteShort");
	MarkNativeAsOptional("BfWriteWord");
	MarkNativeAsOptional("BfWriteNum");
	MarkNativeAsOptional("BfWriteFloat");
	MarkNativeAsOptional("BfWriteString");
	MarkNativeAsOptional("BfWriteEntity");
	MarkNativeAsOptional("BfWriteAngle");
	MarkNativeAsOptional("BfWriteCoord");
	MarkNativeAsOptional("BfWriteVecCoord");
	MarkNativeAsOptional("BfWriteVecNormal");
	MarkNativeAsOptional("BfWriteAngles");
	MarkNativeAsOptional("BfReadBool");
	MarkNativeAsOptional("BfReadByte");
	MarkNativeAsOptional("BfReadChar");
	MarkNativeAsOptional("BfReadShort");
	MarkNativeAsOptional("BfReadWord");
	MarkNativeAsOptional("BfReadNum");
	MarkNativeAsOptional("BfReadFloat");
	MarkNativeAsOptional("BfReadString");
	MarkNativeAsOptional("BfReadEntity");
	MarkNativeAsOptional("BfReadAngle");
	MarkNativeAsOptional("BfReadCoord");
	MarkNativeAsOptional("BfReadVecCoord");
	MarkNativeAsOptional("BfReadVecNormal");
	MarkNativeAsOptional("BfReadAngles");
	MarkNativeAsOptional("BfGetNumBytesLeft");
	MarkNativeAsOptional("BfWrite.WriteBool");
	MarkNativeAsOptional("BfWrite.WriteByte");
	MarkNativeAsOptional("BfWrite.WriteChar");
	MarkNativeAsOptional("BfWrite.WriteShort");
	MarkNativeAsOptional("BfWrite.WriteWord");
	MarkNativeAsOptional("BfWrite.WriteNum");
	MarkNativeAsOptional("BfWrite.WriteFloat");
	MarkNativeAsOptional("BfWrite.WriteString");
	MarkNativeAsOptional("BfWrite.WriteEntity");
	MarkNativeAsOptional("BfWrite.WriteAngle");
	MarkNativeAsOptional("BfWrite.WriteCoord");
	MarkNativeAsOptional("BfWrite.WriteVecCoord");
	MarkNativeAsOptional("BfWrite.WriteVecNormal");
	MarkNativeAsOptional("BfWrite.WriteAngles");
	MarkNativeAsOptional("BfRead.ReadBool");
	MarkNativeAsOptional("BfRead.ReadByte");
	MarkNativeAsOptional("BfRead.ReadChar");
	MarkNativeAsOptional("BfRead.ReadShort");
	MarkNativeAsOptional("BfRead.ReadWord");
	MarkNativeAsOptional("BfRead.ReadNum");
	MarkNativeAsOptional("BfRead.ReadFloat");
	MarkNativeAsOptional("BfRead.ReadString");
	MarkNativeAsOptional("BfRead.ReadEntity");
	MarkNativeAsOptional("BfRead.ReadAngle");
	MarkNativeAsOptional("BfRead.ReadCoord");
	MarkNativeAsOptional("BfRead.ReadVecCoord");
	MarkNativeAsOptional("BfRead.ReadVecNormal");
	MarkNativeAsOptional("BfRead.ReadAngles");
	MarkNativeAsOptional("BfRead.BytesLeft.get");
	MarkNativeAsOptional("PbReadInt");
	MarkNativeAsOptional("PbReadFloat");
	MarkNativeAsOptional("PbReadBool");
	MarkNativeAsOptional("PbReadString");
	MarkNativeAsOptional("PbReadColor");
	MarkNativeAsOptional("PbReadAngle");
	MarkNativeAsOptional("PbReadVector");
	MarkNativeAsOptional("PbReadVector2D");
	MarkNativeAsOptional("PbGetRepeatedFieldCount");
	MarkNativeAsOptional("PbSetInt");
	MarkNativeAsOptional("PbSetFloat");
	MarkNativeAsOptional("PbSetBool");
	MarkNativeAsOptional("PbSetString");
	MarkNativeAsOptional("PbSetColor");
	MarkNativeAsOptional("PbSetAngle");
	MarkNativeAsOptional("PbSetVector");
	MarkNativeAsOptional("PbSetVector2D");
	MarkNativeAsOptional("PbAddInt");
	MarkNativeAsOptional("PbAddFloat");
	MarkNativeAsOptional("PbAddBool");
	MarkNativeAsOptional("PbAddString");
	MarkNativeAsOptional("PbAddColor");
	MarkNativeAsOptional("PbAddAngle");
	MarkNativeAsOptional("PbAddVector");
	MarkNativeAsOptional("PbAddVector2D");
	MarkNativeAsOptional("PbRemoveRepeatedFieldValue");
	MarkNativeAsOptional("PbReadMessage");
	MarkNativeAsOptional("PbReadRepeatedMessage");
	MarkNativeAsOptional("PbAddMessage");
	MarkNativeAsOptional("Protobuf.ReadInt");
	MarkNativeAsOptional("Protobuf.ReadInt64");
	MarkNativeAsOptional("Protobuf.ReadFloat");
	MarkNativeAsOptional("Protobuf.ReadBool");
	MarkNativeAsOptional("Protobuf.ReadString");
	MarkNativeAsOptional("Protobuf.ReadColor");
	MarkNativeAsOptional("Protobuf.ReadAngle");
	MarkNativeAsOptional("Protobuf.ReadVector");
	MarkNativeAsOptional("Protobuf.ReadVector2D");
	MarkNativeAsOptional("Protobuf.GetRepeatedFieldCount");
	MarkNativeAsOptional("Protobuf.SetInt");
	MarkNativeAsOptional("Protobuf.SetInt64");
	MarkNativeAsOptional("Protobuf.SetFloat");
	MarkNativeAsOptional("Protobuf.SetBool");
	MarkNativeAsOptional("Protobuf.SetString");
	MarkNativeAsOptional("Protobuf.SetColor");
	MarkNativeAsOptional("Protobuf.SetAngle");
	MarkNativeAsOptional("Protobuf.SetVector");
	MarkNativeAsOptional("Protobuf.SetVector2D");
	MarkNativeAsOptional("Protobuf.AddInt");
	MarkNativeAsOptional("Protobuf.AddInt64");
	MarkNativeAsOptional("Protobuf.AddFloat");
	MarkNativeAsOptional("Protobuf.AddBool");
	MarkNativeAsOptional("Protobuf.AddString");
	MarkNativeAsOptional("Protobuf.AddColor");
	MarkNativeAsOptional("Protobuf.AddAngle");
	MarkNativeAsOptional("Protobuf.AddVector");
	MarkNativeAsOptional("Protobuf.AddVector2D");
	MarkNativeAsOptional("Protobuf.RemoveRepeatedFieldValue");
	MarkNativeAsOptional("Protobuf.ReadMessage");
	MarkNativeAsOptional("Protobuf.ReadRepeatedMessage");
	MarkNativeAsOptional("Protobuf.AddMessage");
	VerifyCoreVersion();
	return 0;
}

