public PlVers:__version =
{
	version = 5,
	filevers = "1.10.0.6484",
	date = "04/21/2020",
	time = "18:15:16"
};
new Float:NULL_VECTOR[3];
new String:NULL_STRING[16];
public Extension:__ext_core =
{
	name = "Core",
	file = "core",
	autoload = 0,
	required = 0,
};
new MaxClients;
public Extension:__ext_sdktools =
{
	name = "SDKTools",
	file = "sdktools.ext",
	autoload = 1,
	required = 1,
};
public Extension:__ext_topmenus =
{
	name = "TopMenus",
	file = "topmenus.ext",
	autoload = 1,
	required = 0,
};
public SharedPlugin:__pl_adminmenu =
{
	name = "adminmenu",
	file = "adminmenu.smx",
	required = 0,
};
public Plugin:myinfo =
{
	name = "Player Commands",
	description = "Misc. Player Commands",
	author = "AlliedModders LLC",
	version = "1.10.0.6484",
	url = "http://www.sourcemod.net/"
};
new TopMenu:hTopMenu;
new g_SlapDamage[66];
new String:g_NewName[128][264];
void:DisplayRenameTargetMenu(client)
{
	new Menu:menu = Menu.Menu(31, 28);
	new String:title[400];
	Format(title, 100, "%T:", "Rename player", client);
	Menu.SetTitle(menu, title);
	Menu.ExitBackButton.set(menu, true);
	AddTargetsToMenu(menu, client, true, false);
	Menu.Display(menu, client, 0);
	return 0;
}

void:RandomizeName(client)
{
	new String:name[512];
	GetClientName(client, name, 128);
	new len = strlen(name);
	g_NewName[client][0] = '\x00';
	new i;
	while (i < len)
	{
		g_NewName[client][i] = name[GetRandomInt(0, len + -1)];
		i++;
	}
	g_NewName[client][len] = '\x00';
	return 0;
}

void:ReplyToTargetError(client, reason)
{
	switch (reason)
	{
		case -7:
		{
			ReplyToCommand(client, "[SM] %t", 2492);
		}
		case -6:
		{
			ReplyToCommand(client, "[SM] %t", 2464);
		}
		case -5:
		{
			ReplyToCommand(client, "[SM] %t", 2436);
		}
		case -4:
		{
			ReplyToCommand(client, "[SM] %t", 2408);
		}
		case -3:
		{
			ReplyToCommand(client, "[SM] %t", 2376);
		}
		case -2:
		{
			ReplyToCommand(client, "[SM] %t", 2348);
		}
		case -1:
		{
			ReplyToCommand(client, "[SM] %t", 2316);
		}
		case 0:
		{
			ReplyToCommand(client, "[SM] %t", 2288);
		}
		default:
		{
		}
	}
	return 0;
}

void:PerformSlay(client, target)
{
	LogAction(client, target, "\"%L\" slayed \"%L\"", client, target);
	ForcePlayerSuicide(target);
	return 0;
}

void:DisplaySlayMenu(client)
{
	new Menu:menu = Menu.Menu(37, 28);
	new String:title[400];
	Format(title, 100, "%T:", "Slay player", client);
	Menu.SetTitle(menu, title);
	Menu.ExitBackButton.set(menu, true);
	AddTargetsToMenu(menu, client, true, true);
	Menu.Display(menu, client, 0);
	return 0;
}

void:PerformSlap(client, target, damage)
{
	LogAction(client, target, "\"%L\" slapped \"%L\" (damage \"%d\")", client, target, damage);
	SlapPlayer(target, damage, true);
	return 0;
}

void:DisplaySlapDamageMenu(client)
{
	new Menu:menu = Menu.Menu(35, 28);
	new String:title[400];
	Format(title, 100, "%T:", "Slap damage", client);
	Menu.SetTitle(menu, title);
	Menu.ExitBackButton.set(menu, true);
	Menu.AddItem(menu, "0", "0", 0);
	Menu.AddItem(menu, "1", "1", 0);
	Menu.AddItem(menu, "5", "5", 0);
	Menu.AddItem(menu, "10", "10", 0);
	Menu.AddItem(menu, "20", "20", 0);
	Menu.AddItem(menu, "50", "50", 0);
	Menu.AddItem(menu, "99", "99", 0);
	Menu.Display(menu, client, 0);
	return 0;
}

void:DisplaySlapTargetMenu(client)
{
	new Menu:menu = Menu.Menu(33, 28);
	new String:title[400];
	Format(title, 100, "%T: %d damage", "Slap player", client, g_SlapDamage[client]);
	Menu.SetTitle(menu, title);
	Menu.ExitBackButton.set(menu, true);
	AddTargetsToMenu(menu, client, true, true);
	Menu.Display(menu, client, 0);
	return 0;
}

void:PerformRename(client, target)
{
	LogAction(client, target, "\"%L\" renamed \"%L\" (to \"%s\")", client, target, g_NewName[target]);
	SetClientName(target, g_NewName[target]);
	g_NewName[target][0] = '\x00';
	return 0;
}

public void:AdminMenu_Rename(TopMenu:topmenu, TopMenuAction:action, TopMenuObject:object_id, param, String:buffer[], maxlength)
{
	if (action)
	{
		if (action == 2)
		{
			DisplayRenameTargetMenu(param);
		}
	}
	else
	{
		Format(buffer[0], maxlength, "%T", "Rename player", param);
	}
	return 0;
}

public void:AdminMenu_Slap(TopMenu:topmenu, TopMenuAction:action, TopMenuObject:object_id, param, String:buffer[], maxlength)
{
	if (action)
	{
		if (action == 2)
		{
			DisplaySlapDamageMenu(param);
		}
	}
	else
	{
		Format(buffer[0], maxlength, "%T", "Slap player", param);
	}
	return 0;
}

public void:AdminMenu_Slay(TopMenu:topmenu, TopMenuAction:action, TopMenuObject:object_id, param, String:buffer[], maxlength)
{
	if (action)
	{
		if (action == 2)
		{
			DisplaySlayMenu(param);
		}
	}
	else
	{
		Format(buffer[0], maxlength, "%T", "Slay player", param);
	}
	return 0;
}

public Action:Command_Rename(client, args)
{
	if (args < 1)
	{
		ReplyToCommand(client, "[SM] Usage: sm_rename <#userid|name> [newname]");
		return 3;
	}
	new String:arg[512];
	new String:arg2[512];
	GetCmdArg(1, arg, 128);
	new bool:randomize;
	if (args > 1)
	{
		GetCmdArg(2, arg2, 128);
	}
	else
	{
		randomize = true;
	}
	new String:target_name[256];
	new target_list[65];
	new target_count;
	new bool:tn_is_ml;
	if (0 < (target_count = ProcessTargetString(arg, client, target_list, 65, 0, target_name, 64, tn_is_ml)))
	{
		if (tn_is_ml)
		{
			ShowActivity2(client, "[SM] ", "%t", "Renamed target", target_name);
		}
		else
		{
			ShowActivity2(client, "[SM] ", "%t", "Renamed target", "_s", target_name);
		}
		new i;
		while (i < target_count)
		{
			if (randomize)
			{
				RandomizeName(target_list[i]);
			}
			else
			{
				if (target_count > 1)
				{
					Format(g_NewName[target_list[i]], 128, "%s %i", arg2, i + 1);
				}
				Format(g_NewName[target_list[i]], 128, "%s", arg2);
			}
			PerformRename(client, target_list[i]);
			i++;
		}
	}
	else
	{
		ReplyToTargetError(client, target_count);
	}
	return 3;
}

public Action:Command_Slap(client, args)
{
	if (args < 1)
	{
		ReplyToCommand(client, "[SM] Usage: sm_slap <#userid|name> [damage]");
		return 3;
	}
	new String:arg[272];
	GetCmdArg(1, arg, 65);
	new damage;
	if (args > 1)
	{
		new String:arg2[80];
		GetCmdArg(2, arg2, 20);
		new var1;
		if (StringToIntEx(arg2, damage, 10) && damage < 0)
		{
			ReplyToCommand(client, "[SM] %t", 4100);
			return 3;
		}
	}
	new String:target_name[256];
	new target_list[65];
	new target_count;
	new bool:tn_is_ml;
	if (0 >= (target_count = ProcessTargetString(arg, client, target_list, 65, 1, target_name, 64, tn_is_ml)))
	{
		ReplyToTargetError(client, target_count);
		return 3;
	}
	new i;
	while (i < target_count)
	{
		PerformSlap(client, target_list[i], damage);
		i++;
	}
	if (tn_is_ml)
	{
		ShowActivity2(client, "[SM] ", "%t", "Slapped target", target_name);
	}
	else
	{
		ShowActivity2(client, "[SM] ", "%t", "Slapped target", "_s", target_name);
	}
	return 3;
}

public Action:Command_Slay(client, args)
{
	if (args < 1)
	{
		ReplyToCommand(client, "[SM] Usage: sm_slay <#userid|name>");
		return 3;
	}
	new String:arg[272];
	GetCmdArg(1, arg, 65);
	new String:target_name[256];
	new target_list[65];
	new target_count;
	new bool:tn_is_ml;
	if (0 >= (target_count = ProcessTargetString(arg, client, target_list, 65, 1, target_name, 64, tn_is_ml)))
	{
		ReplyToTargetError(client, target_count);
		return 3;
	}
	new i;
	while (i < target_count)
	{
		PerformSlay(client, target_list[i]);
		i++;
	}
	if (tn_is_ml)
	{
		ShowActivity2(client, "[SM] ", "%t", "Slayed target", target_name);
	}
	else
	{
		ShowActivity2(client, "[SM] ", "%t", "Slayed target", "_s", target_name);
	}
	return 3;
}

public MenuHandler_Rename(Menu:menu, MenuAction:action, param1, param2)
{
	if (action == 16)
	{
		CloseHandle(menu);
		menu = 0;
	}
	else
	{
		if (action == 8)
		{
			new var1;
			if (param2 == -6 && hTopMenu)
			{
				TopMenu.Display(hTopMenu, param1, 3);
			}
		}
		if (action == 4)
		{
			new String:info[128];
			new userid;
			new target;
			Menu.GetItem(menu, param2, info, 32, 0, "", 0);
			userid = StringToInt(info, 10);
			if ((target = GetClientOfUserId(userid)))
			{
				if (CanUserTarget(param1, target))
				{
					new String:name[512];
					GetClientName(target, name, 128);
					RandomizeName(target);
					ShowActivity2(param1, "[SM] ", "%t", "Renamed target", "_s", name);
					PerformRename(param1, target);
				}
				PrintToChat(param1, "[SM] %t", 13000);
			}
			else
			{
				PrintToChat(param1, "[SM] %t", 12964);
			}
			DisplayRenameTargetMenu(param1);
		}
	}
	return 0;
}

public MenuHandler_Slap(Menu:menu, MenuAction:action, param1, param2)
{
	if (action == 16)
	{
		CloseHandle(menu);
		menu = 0;
	}
	else
	{
		if (action == 8)
		{
			if (param2 == -6)
			{
				TopMenu.Display(hTopMenu, param1, 3);
			}
		}
		if (action == 4)
		{
			new String:info[128];
			new userid;
			new target;
			Menu.GetItem(menu, param2, info, 32, 0, "", 0);
			userid = StringToInt(info, 10);
			if ((target = GetClientOfUserId(userid)))
			{
				if (CanUserTarget(param1, target))
				{
					if (IsPlayerAlive(target))
					{
						new String:name[512];
						GetClientName(target, name, 128);
						PerformSlap(param1, target, g_SlapDamage[param1]);
						ShowActivity2(param1, "[SM] ", "%t", "Slapped target", "_s", name);
					}
					ReplyToCommand(param1, "[SM] %t", 3992);
				}
				PrintToChat(param1, "[SM] %t", 3964);
			}
			else
			{
				PrintToChat(param1, "[SM] %t", 3928);
			}
			DisplaySlapTargetMenu(param1);
		}
	}
	return 0;
}

public MenuHandler_SlapDamage(Menu:menu, MenuAction:action, param1, param2)
{
	if (action == 16)
	{
		CloseHandle(menu);
		menu = 0;
	}
	else
	{
		if (action == 8)
		{
			new var1;
			if (param2 == -6 && hTopMenu)
			{
				TopMenu.Display(hTopMenu, param1, 3);
			}
		}
		if (action == 4)
		{
			new String:info[128];
			Menu.GetItem(menu, param2, info, 32, 0, "", 0);
			g_SlapDamage[param1] = StringToInt(info, 10);
			DisplaySlapTargetMenu(param1);
		}
	}
	return 0;
}

public MenuHandler_Slay(Menu:menu, MenuAction:action, param1, param2)
{
	if (action == 16)
	{
		CloseHandle(menu);
		menu = 0;
	}
	else
	{
		if (action == 8)
		{
			new var1;
			if (param2 == -6 && hTopMenu)
			{
				TopMenu.Display(hTopMenu, param1, 3);
			}
		}
		if (action == 4)
		{
			new String:info[128];
			new userid;
			new target;
			Menu.GetItem(menu, param2, info, 32, 0, "", 0);
			userid = StringToInt(info, 10);
			if ((target = GetClientOfUserId(userid)))
			{
				if (CanUserTarget(param1, target))
				{
					if (IsPlayerAlive(target))
					{
						new String:name[512];
						GetClientName(target, name, 128);
						PerformSlay(param1, target);
						ShowActivity2(param1, "[SM] ", "%t", "Slayed target", "_s", name);
					}
					ReplyToCommand(param1, "[SM] %t", 3356);
				}
				PrintToChat(param1, "[SM] %t", 3328);
			}
			else
			{
				PrintToChat(param1, "[SM] %t", 3292);
			}
			DisplaySlayMenu(param1);
		}
	}
	return 0;
}

public void:OnAdminMenuReady(Handle:aTopMenu)
{
	new TopMenu:topmenu = TopMenu.FromHandle(aTopMenu);
	if (hTopMenu == topmenu)
	{
		return 0;
	}
	hTopMenu = topmenu;
	new TopMenuObject:player_commands = TopMenu.FindCategory(hTopMenu, "PlayerCommands");
	if (player_commands)
	{
		TopMenu.AddItem(hTopMenu, "sm_slay", 23, player_commands, "sm_slay", 32, "");
		TopMenu.AddItem(hTopMenu, "sm_slap", 21, player_commands, "sm_slap", 32, "");
		TopMenu.AddItem(hTopMenu, "sm_rename", 19, player_commands, "sm_rename", 32, "");
	}
	return 0;
}

public void:OnPluginStart()
{
	LoadTranslations("common.phrases");
	LoadTranslations("playercommands.phrases");
	RegAdminCmd("sm_slap", 27, 32, "sm_slap <#userid|name> [damage]", "", 0);
	RegAdminCmd("sm_slay", 29, 32, "sm_slay <#userid|name>", "", 0);
	RegAdminCmd("sm_rename", 25, 32, "sm_rename <#userid|name>", "", 0);
	new TopMenu:topmenu;
	new var1;
	if (LibraryExists("adminmenu") && (topmenu = GetAdminTopMenu()))
	{
		OnAdminMenuReady(topmenu);
	}
	return 0;
}

public void:__ext_core_SetNTVOptional()
{
	MarkNativeAsOptional("GetFeatureStatus");
	MarkNativeAsOptional("RequireFeature");
	MarkNativeAsOptional("AddCommandListener");
	MarkNativeAsOptional("RemoveCommandListener");
	MarkNativeAsOptional("BfWriteBool");
	MarkNativeAsOptional("BfWriteByte");
	MarkNativeAsOptional("BfWriteChar");
	MarkNativeAsOptional("BfWriteShort");
	MarkNativeAsOptional("BfWriteWord");
	MarkNativeAsOptional("BfWriteNum");
	MarkNativeAsOptional("BfWriteFloat");
	MarkNativeAsOptional("BfWriteString");
	MarkNativeAsOptional("BfWriteEntity");
	MarkNativeAsOptional("BfWriteAngle");
	MarkNativeAsOptional("BfWriteCoord");
	MarkNativeAsOptional("BfWriteVecCoord");
	MarkNativeAsOptional("BfWriteVecNormal");
	MarkNativeAsOptional("BfWriteAngles");
	MarkNativeAsOptional("BfReadBool");
	MarkNativeAsOptional("BfReadByte");
	MarkNativeAsOptional("BfReadChar");
	MarkNativeAsOptional("BfReadShort");
	MarkNativeAsOptional("BfReadWord");
	MarkNativeAsOptional("BfReadNum");
	MarkNativeAsOptional("BfReadFloat");
	MarkNativeAsOptional("BfReadString");
	MarkNativeAsOptional("BfReadEntity");
	MarkNativeAsOptional("BfReadAngle");
	MarkNativeAsOptional("BfReadCoord");
	MarkNativeAsOptional("BfReadVecCoord");
	MarkNativeAsOptional("BfReadVecNormal");
	MarkNativeAsOptional("BfReadAngles");
	MarkNativeAsOptional("BfGetNumBytesLeft");
	MarkNativeAsOptional("BfWrite.WriteBool");
	MarkNativeAsOptional("BfWrite.WriteByte");
	MarkNativeAsOptional("BfWrite.WriteChar");
	MarkNativeAsOptional("BfWrite.WriteShort");
	MarkNativeAsOptional("BfWrite.WriteWord");
	MarkNativeAsOptional("BfWrite.WriteNum");
	MarkNativeAsOptional("BfWrite.WriteFloat");
	MarkNativeAsOptional("BfWrite.WriteString");
	MarkNativeAsOptional("BfWrite.WriteEntity");
	MarkNativeAsOptional("BfWrite.WriteAngle");
	MarkNativeAsOptional("BfWrite.WriteCoord");
	MarkNativeAsOptional("BfWrite.WriteVecCoord");
	MarkNativeAsOptional("BfWrite.WriteVecNormal");
	MarkNativeAsOptional("BfWrite.WriteAngles");
	MarkNativeAsOptional("BfRead.ReadBool");
	MarkNativeAsOptional("BfRead.ReadByte");
	MarkNativeAsOptional("BfRead.ReadChar");
	MarkNativeAsOptional("BfRead.ReadShort");
	MarkNativeAsOptional("BfRead.ReadWord");
	MarkNativeAsOptional("BfRead.ReadNum");
	MarkNativeAsOptional("BfRead.ReadFloat");
	MarkNativeAsOptional("BfRead.ReadString");
	MarkNativeAsOptional("BfRead.ReadEntity");
	MarkNativeAsOptional("BfRead.ReadAngle");
	MarkNativeAsOptional("BfRead.ReadCoord");
	MarkNativeAsOptional("BfRead.ReadVecCoord");
	MarkNativeAsOptional("BfRead.ReadVecNormal");
	MarkNativeAsOptional("BfRead.ReadAngles");
	MarkNativeAsOptional("BfRead.BytesLeft.get");
	MarkNativeAsOptional("PbReadInt");
	MarkNativeAsOptional("PbReadFloat");
	MarkNativeAsOptional("PbReadBool");
	MarkNativeAsOptional("PbReadString");
	MarkNativeAsOptional("PbReadColor");
	MarkNativeAsOptional("PbReadAngle");
	MarkNativeAsOptional("PbReadVector");
	MarkNativeAsOptional("PbReadVector2D");
	MarkNativeAsOptional("PbGetRepeatedFieldCount");
	MarkNativeAsOptional("PbSetInt");
	MarkNativeAsOptional("PbSetFloat");
	MarkNativeAsOptional("PbSetBool");
	MarkNativeAsOptional("PbSetString");
	MarkNativeAsOptional("PbSetColor");
	MarkNativeAsOptional("PbSetAngle");
	MarkNativeAsOptional("PbSetVector");
	MarkNativeAsOptional("PbSetVector2D");
	MarkNativeAsOptional("PbAddInt");
	MarkNativeAsOptional("PbAddFloat");
	MarkNativeAsOptional("PbAddBool");
	MarkNativeAsOptional("PbAddString");
	MarkNativeAsOptional("PbAddColor");
	MarkNativeAsOptional("PbAddAngle");
	MarkNativeAsOptional("PbAddVector");
	MarkNativeAsOptional("PbAddVector2D");
	MarkNativeAsOptional("PbRemoveRepeatedFieldValue");
	MarkNativeAsOptional("PbReadMessage");
	MarkNativeAsOptional("PbReadRepeatedMessage");
	MarkNativeAsOptional("PbAddMessage");
	MarkNativeAsOptional("Protobuf.ReadInt");
	MarkNativeAsOptional("Protobuf.ReadInt64");
	MarkNativeAsOptional("Protobuf.ReadFloat");
	MarkNativeAsOptional("Protobuf.ReadBool");
	MarkNativeAsOptional("Protobuf.ReadString");
	MarkNativeAsOptional("Protobuf.ReadColor");
	MarkNativeAsOptional("Protobuf.ReadAngle");
	MarkNativeAsOptional("Protobuf.ReadVector");
	MarkNativeAsOptional("Protobuf.ReadVector2D");
	MarkNativeAsOptional("Protobuf.GetRepeatedFieldCount");
	MarkNativeAsOptional("Protobuf.SetInt");
	MarkNativeAsOptional("Protobuf.SetInt64");
	MarkNativeAsOptional("Protobuf.SetFloat");
	MarkNativeAsOptional("Protobuf.SetBool");
	MarkNativeAsOptional("Protobuf.SetString");
	MarkNativeAsOptional("Protobuf.SetColor");
	MarkNativeAsOptional("Protobuf.SetAngle");
	MarkNativeAsOptional("Protobuf.SetVector");
	MarkNativeAsOptional("Protobuf.SetVector2D");
	MarkNativeAsOptional("Protobuf.AddInt");
	MarkNativeAsOptional("Protobuf.AddInt64");
	MarkNativeAsOptional("Protobuf.AddFloat");
	MarkNativeAsOptional("Protobuf.AddBool");
	MarkNativeAsOptional("Protobuf.AddString");
	MarkNativeAsOptional("Protobuf.AddColor");
	MarkNativeAsOptional("Protobuf.AddAngle");
	MarkNativeAsOptional("Protobuf.AddVector");
	MarkNativeAsOptional("Protobuf.AddVector2D");
	MarkNativeAsOptional("Protobuf.RemoveRepeatedFieldValue");
	MarkNativeAsOptional("Protobuf.ReadMessage");
	MarkNativeAsOptional("Protobuf.ReadRepeatedMessage");
	MarkNativeAsOptional("Protobuf.AddMessage");
	VerifyCoreVersion();
	return 0;
}

public void:__ext_topmenus_SetNTVOptional()
{
	MarkNativeAsOptional("CreateTopMenu");
	MarkNativeAsOptional("LoadTopMenuConfig");
	MarkNativeAsOptional("AddToTopMenu");
	MarkNativeAsOptional("RemoveFromTopMenu");
	MarkNativeAsOptional("DisplayTopMenu");
	MarkNativeAsOptional("DisplayTopMenuCategory");
	MarkNativeAsOptional("FindTopMenuCategory");
	MarkNativeAsOptional("SetTopMenuTitleCaching");
	MarkNativeAsOptional("TopMenu.TopMenu");
	MarkNativeAsOptional("TopMenu.FromHandle");
	MarkNativeAsOptional("TopMenu.LoadConfig");
	MarkNativeAsOptional("TopMenu.AddCategory");
	MarkNativeAsOptional("TopMenu.AddItem");
	MarkNativeAsOptional("TopMenu.GetInfoString");
	MarkNativeAsOptional("TopMenu.GetObjName");
	MarkNativeAsOptional("TopMenu.Remove");
	MarkNativeAsOptional("TopMenu.Display");
	MarkNativeAsOptional("TopMenu.DisplayCategory");
	MarkNativeAsOptional("TopMenu.FindCategory");
	MarkNativeAsOptional("TopMenu.CacheTitles.set");
	return 0;
}

public void:__pl_adminmenu_SetNTVOptional()
{
	MarkNativeAsOptional("GetAdminTopMenu");
	MarkNativeAsOptional("AddTargetsToMenu");
	MarkNativeAsOptional("AddTargetsToMenu2");
	return 0;
}

