public PlVers:__version =
{
	version = 5,
	filevers = "1.10.0.6484",
	date = "04/21/2020",
	time = "18:15:14"
};
new Float:NULL_VECTOR[3];
new String:NULL_STRING[16];
public Extension:__ext_core =
{
	name = "Core",
	file = "core",
	autoload = 0,
	required = 0,
};
new MaxClients;
public Plugin:myinfo =
{
	name = "RandomCycle",
	description = "Randomly chooses the next map.",
	author = "AlliedModders LLC",
	version = "1.10.0.6484",
	url = "http://www.sourcemod.net/"
};
new ConVar:g_Cvar_ExcludeMaps;
new ArrayList:g_MapList;
new ArrayList:g_OldMapList;
new g_mapListSerial = -1;
ByteCountToCells(size)
{
	if (size)
	{
		return size + 3 / 4;
	}
	return 1;
}

public void:OnConfigsExecuted()
{
	if (!(ReadMapList(g_MapList, g_mapListSerial, "randomcycle", 3)))
	{
		if (g_mapListSerial == -1)
		{
			LogError("Unable to create a valid map list.");
		}
	}
	CreateTimer(5.0, 7, 0, 0);
	return 0;
}

public void:OnPluginStart()
{
	new arraySize = ByteCountToCells(256);
	g_MapList = ArrayList.ArrayList(arraySize, 0);
	g_OldMapList = ArrayList.ArrayList(arraySize, 0);
	g_Cvar_ExcludeMaps = CreateConVar("sm_randomcycle_exclude", "5", "Specifies how many past maps to exclude from the vote.", 0, true, 0.0, false, 0.0);
	AutoExecConfig(true, "randomcycle", "sourcemod");
	return 0;
}

public Action:Timer_RandomizeNextmap(Handle:timer)
{
	new String:map[1024];
	new String:resolvedMap[1024];
	new bool:oldMaps;
	new var1;
	if (ConVar.IntValue.get(g_Cvar_ExcludeMaps) && ArrayList.Length.get(g_MapList) > ConVar.IntValue.get(g_Cvar_ExcludeMaps))
	{
		oldMaps = true;
	}
	while (oldMaps && ArrayList.FindString(g_OldMapList, resolvedMap) != -1)
	{
	}
	ArrayList.PushString(g_OldMapList, resolvedMap);
	SetNextMap(map);
	if (ConVar.IntValue.get(g_Cvar_ExcludeMaps) < ArrayList.Length.get(g_OldMapList))
	{
		ArrayList.Erase(g_OldMapList, 0);
	}
	LogAction(-1, -1, "RandomCycle has chosen %s for the nextmap.", map);
	return 4;
}

public void:__ext_core_SetNTVOptional()
{
	MarkNativeAsOptional("GetFeatureStatus");
	MarkNativeAsOptional("RequireFeature");
	MarkNativeAsOptional("AddCommandListener");
	MarkNativeAsOptional("RemoveCommandListener");
	MarkNativeAsOptional("BfWriteBool");
	MarkNativeAsOptional("BfWriteByte");
	MarkNativeAsOptional("BfWriteChar");
	MarkNativeAsOptional("BfWriteShort");
	MarkNativeAsOptional("BfWriteWord");
	MarkNativeAsOptional("BfWriteNum");
	MarkNativeAsOptional("BfWriteFloat");
	MarkNativeAsOptional("BfWriteString");
	MarkNativeAsOptional("BfWriteEntity");
	MarkNativeAsOptional("BfWriteAngle");
	MarkNativeAsOptional("BfWriteCoord");
	MarkNativeAsOptional("BfWriteVecCoord");
	MarkNativeAsOptional("BfWriteVecNormal");
	MarkNativeAsOptional("BfWriteAngles");
	MarkNativeAsOptional("BfReadBool");
	MarkNativeAsOptional("BfReadByte");
	MarkNativeAsOptional("BfReadChar");
	MarkNativeAsOptional("BfReadShort");
	MarkNativeAsOptional("BfReadWord");
	MarkNativeAsOptional("BfReadNum");
	MarkNativeAsOptional("BfReadFloat");
	MarkNativeAsOptional("BfReadString");
	MarkNativeAsOptional("BfReadEntity");
	MarkNativeAsOptional("BfReadAngle");
	MarkNativeAsOptional("BfReadCoord");
	MarkNativeAsOptional("BfReadVecCoord");
	MarkNativeAsOptional("BfReadVecNormal");
	MarkNativeAsOptional("BfReadAngles");
	MarkNativeAsOptional("BfGetNumBytesLeft");
	MarkNativeAsOptional("BfWrite.WriteBool");
	MarkNativeAsOptional("BfWrite.WriteByte");
	MarkNativeAsOptional("BfWrite.WriteChar");
	MarkNativeAsOptional("BfWrite.WriteShort");
	MarkNativeAsOptional("BfWrite.WriteWord");
	MarkNativeAsOptional("BfWrite.WriteNum");
	MarkNativeAsOptional("BfWrite.WriteFloat");
	MarkNativeAsOptional("BfWrite.WriteString");
	MarkNativeAsOptional("BfWrite.WriteEntity");
	MarkNativeAsOptional("BfWrite.WriteAngle");
	MarkNativeAsOptional("BfWrite.WriteCoord");
	MarkNativeAsOptional("BfWrite.WriteVecCoord");
	MarkNativeAsOptional("BfWrite.WriteVecNormal");
	MarkNativeAsOptional("BfWrite.WriteAngles");
	MarkNativeAsOptional("BfRead.ReadBool");
	MarkNativeAsOptional("BfRead.ReadByte");
	MarkNativeAsOptional("BfRead.ReadChar");
	MarkNativeAsOptional("BfRead.ReadShort");
	MarkNativeAsOptional("BfRead.ReadWord");
	MarkNativeAsOptional("BfRead.ReadNum");
	MarkNativeAsOptional("BfRead.ReadFloat");
	MarkNativeAsOptional("BfRead.ReadString");
	MarkNativeAsOptional("BfRead.ReadEntity");
	MarkNativeAsOptional("BfRead.ReadAngle");
	MarkNativeAsOptional("BfRead.ReadCoord");
	MarkNativeAsOptional("BfRead.ReadVecCoord");
	MarkNativeAsOptional("BfRead.ReadVecNormal");
	MarkNativeAsOptional("BfRead.ReadAngles");
	MarkNativeAsOptional("BfRead.BytesLeft.get");
	MarkNativeAsOptional("PbReadInt");
	MarkNativeAsOptional("PbReadFloat");
	MarkNativeAsOptional("PbReadBool");
	MarkNativeAsOptional("PbReadString");
	MarkNativeAsOptional("PbReadColor");
	MarkNativeAsOptional("PbReadAngle");
	MarkNativeAsOptional("PbReadVector");
	MarkNativeAsOptional("PbReadVector2D");
	MarkNativeAsOptional("PbGetRepeatedFieldCount");
	MarkNativeAsOptional("PbSetInt");
	MarkNativeAsOptional("PbSetFloat");
	MarkNativeAsOptional("PbSetBool");
	MarkNativeAsOptional("PbSetString");
	MarkNativeAsOptional("PbSetColor");
	MarkNativeAsOptional("PbSetAngle");
	MarkNativeAsOptional("PbSetVector");
	MarkNativeAsOptional("PbSetVector2D");
	MarkNativeAsOptional("PbAddInt");
	MarkNativeAsOptional("PbAddFloat");
	MarkNativeAsOptional("PbAddBool");
	MarkNativeAsOptional("PbAddString");
	MarkNativeAsOptional("PbAddColor");
	MarkNativeAsOptional("PbAddAngle");
	MarkNativeAsOptional("PbAddVector");
	MarkNativeAsOptional("PbAddVector2D");
	MarkNativeAsOptional("PbRemoveRepeatedFieldValue");
	MarkNativeAsOptional("PbReadMessage");
	MarkNativeAsOptional("PbReadRepeatedMessage");
	MarkNativeAsOptional("PbAddMessage");
	MarkNativeAsOptional("Protobuf.ReadInt");
	MarkNativeAsOptional("Protobuf.ReadInt64");
	MarkNativeAsOptional("Protobuf.ReadFloat");
	MarkNativeAsOptional("Protobuf.ReadBool");
	MarkNativeAsOptional("Protobuf.ReadString");
	MarkNativeAsOptional("Protobuf.ReadColor");
	MarkNativeAsOptional("Protobuf.ReadAngle");
	MarkNativeAsOptional("Protobuf.ReadVector");
	MarkNativeAsOptional("Protobuf.ReadVector2D");
	MarkNativeAsOptional("Protobuf.GetRepeatedFieldCount");
	MarkNativeAsOptional("Protobuf.SetInt");
	MarkNativeAsOptional("Protobuf.SetInt64");
	MarkNativeAsOptional("Protobuf.SetFloat");
	MarkNativeAsOptional("Protobuf.SetBool");
	MarkNativeAsOptional("Protobuf.SetString");
	MarkNativeAsOptional("Protobuf.SetColor");
	MarkNativeAsOptional("Protobuf.SetAngle");
	MarkNativeAsOptional("Protobuf.SetVector");
	MarkNativeAsOptional("Protobuf.SetVector2D");
	MarkNativeAsOptional("Protobuf.AddInt");
	MarkNativeAsOptional("Protobuf.AddInt64");
	MarkNativeAsOptional("Protobuf.AddFloat");
	MarkNativeAsOptional("Protobuf.AddBool");
	MarkNativeAsOptional("Protobuf.AddString");
	MarkNativeAsOptional("Protobuf.AddColor");
	MarkNativeAsOptional("Protobuf.AddAngle");
	MarkNativeAsOptional("Protobuf.AddVector");
	MarkNativeAsOptional("Protobuf.AddVector2D");
	MarkNativeAsOptional("Protobuf.RemoveRepeatedFieldValue");
	MarkNativeAsOptional("Protobuf.ReadMessage");
	MarkNativeAsOptional("Protobuf.ReadRepeatedMessage");
	MarkNativeAsOptional("Protobuf.AddMessage");
	VerifyCoreVersion();
	return 0;
}

